// Jest Snapshot v1, https://goo.gl/fbAQLP

exports[`renders the component as expected 1`] = `
<div
  className="article"
>
  <img
    alt="poster"
    className="article-image"
    src="https://i.ytimg.com/vi/kaocfZmYQ9M/maxresdefault.jpg"
  />
  <h1>
    2023-01-15T06:01:34Z
  </h1>
  <h2>
    YouTube
  </h2>
  <p>
    Des data centers pour chauffer l'eau des immeubles - Tech & Co
  </p>
  <div>
    <svg
      aria-hidden={true}
      className="MuiSvgIcon-root MuiSvgIcon-fontSizeMedium css-i4bv87-MuiSvgIcon-root"
      data-testid="LocalOfferIcon"
      focusable="false"
      viewBox="0 0 24 24"
    >
      <path
        d="m21.41 11.58-9-9C12.05 2.22 11.55 2 11 2H4c-1.1 0-2 .9-2 2v7c0 .55.22 1.05.59 1.42l9 9c.36.36.86.58 1.41.58.55 0 1.05-.22 1.41-.59l7-7c.37-.36.59-.86.59-1.41 0-.55-.23-1.06-.59-1.42zM5.5 7C4.67 7 4 6.33 4 5.5S4.67 4 5.5 4 7 4.67 7 5.5 6.33 7 5.5 7z"
      />
    </svg>
    <span>
      $
    </span>
  </div>
</div>
`;
